8cX6FhHOl5GaDuC16Bb7lC2U3dJ0zQkrA9It4+3D0JP3RnG5+wtNla7etykKUgmXumhv7p7uT0/uTJghmBz6XXOyUzzufd5EVl4sdSjAeM/pLsg+W2yHy7/JNiASsISP4UyProrQdpY9erNVAPIG1DINSyQ1uoAz7CRh508RDevFG/mpUycR5e1xZ2fROG2A7sLC1ryam19svU5xcWS45TzSHOQWNbwVm7VJZhQ0mEUaltDIPb0m9IN8eYB3jbXIcEKS2iZRl/UtEv4v1OeSljdyuE4sbgHzvXYwIg7wKK9WusHfMYAAoPEqd/u8AcnAMsz2JYBS4M6ouMAlbKuw8/DRKI9FBeWCCBmWi0Yhm8/Grf1xmH2CYBt9wVNrCAdlaYOfxVijpiVJ75KxkzPbEt+O60ri0vbjJZ3rYth79XiOF7yidelFrqc0Fxezba8ethyTOLcjO75nXLzwrdcH7h6qWB5UfSLgSRADx5DNlAa347N